
  .   ____          _            __ _ _
 /\\ / ___'_ __ _ _(_)_ __  __ _ \ \ \ \
( ( )\___ | '_ | '_| | '_ \/ _` | \ \ \ \
 \\/  ___)| |_)| | | | | || (_| |  ) ) ) )
  '  |____| .__|_| |_|_| |_\__, | / / / /
 =========|_|==============|___/=/_/_/_/

 :: Spring Boot ::                (v3.5.5)

2026-07-07T18:32:27.816Z  INFO 49616 --- [           main] c.c.exercise.bankapp.BankingApplication  : Starting BankingApplication v1.0.0 using Java 21.0.11 with PID 49616 (/home/ubuntu/repos/Aplicacion-de-Banca-Spring-Boot/target/bank-app-1.0.0.jar started by ubuntu in /home/ubuntu/repos/Aplicacion-de-Banca-Spring-Boot)
2026-07-07T18:32:27.818Z  INFO 49616 --- [           main] c.c.exercise.bankapp.BankingApplication  : No active profile set, falling back to 1 default profile: "default"
2026-07-07T18:32:28.589Z  INFO 49616 --- [           main] .s.d.r.c.RepositoryConfigurationDelegate : Bootstrapping Spring Data JPA repositories in DEFAULT mode.
2026-07-07T18:32:28.622Z  INFO 49616 --- [           main] .s.d.r.c.RepositoryConfigurationDelegate : Finished Spring Data repository scanning in 27 ms. Found 4 JPA repository interfaces.
2026-07-07T18:32:28.958Z  INFO 49616 --- [           main] o.s.b.w.embedded.tomcat.TomcatWebServer  : Tomcat initialized with port 8989 (http)
2026-07-07T18:32:28.968Z  INFO 49616 --- [           main] o.apache.catalina.core.StandardService   : Starting service [Tomcat]
2026-07-07T18:32:28.968Z  INFO 49616 --- [           main] o.apache.catalina.core.StandardEngine    : Starting Servlet engine: [Apache Tomcat/10.1.44]
2026-07-07T18:32:28.997Z  INFO 49616 --- [           main] o.a.c.c.C.[.[localhost].[/bank-api]      : Initializing Spring embedded WebApplicationContext
2026-07-07T18:32:28.998Z  INFO 49616 --- [           main] w.s.c.ServletWebServerApplicationContext : Root WebApplicationContext: initialization completed in 1063 ms
2026-07-07T18:32:29.122Z  INFO 49616 --- [           main] com.zaxxer.hikari.HikariDataSource       : HikariPool-1 - Starting...
2026-07-07T18:32:29.231Z  INFO 49616 --- [           main] com.zaxxer.hikari.pool.HikariPool        : HikariPool-1 - Added connection conn0: url=jdbc:h2:mem:9c016468-3e98-49d8-a805-e2318c509736 user=SA
2026-07-07T18:32:29.232Z  INFO 49616 --- [           main] com.zaxxer.hikari.HikariDataSource       : HikariPool-1 - Start completed.
2026-07-07T18:32:29.254Z  INFO 49616 --- [           main] o.hibernate.jpa.internal.util.LogHelper  : HHH000204: Processing PersistenceUnitInfo [name: default]
2026-07-07T18:32:29.278Z  INFO 49616 --- [           main] org.hibernate.Version                    : HHH000412: Hibernate ORM core version 6.6.26.Final
2026-07-07T18:32:29.299Z  INFO 49616 --- [           main] o.h.c.internal.RegionFactoryInitiator    : HHH000026: Second-level cache disabled
2026-07-07T18:32:29.437Z  INFO 49616 --- [           main] o.s.o.j.p.SpringPersistenceUnitInfo      : No LoadTimeWeaver setup: ignoring JPA class transformer
2026-07-07T18:32:29.480Z  INFO 49616 --- [           main] org.hibernate.orm.connections.pooling    : HHH10001005: Database info:
	Database JDBC URL [Connecting through datasource 'HikariDataSource (HikariPool-1)']
	Database driver: undefined/unknown
	Database version: 2.3.232
	Autocommit mode: undefined/unknown
	Isolation level: undefined/unknown
	Minimum pool size: undefined/unknown
	Maximum pool size: undefined/unknown
2026-07-07T18:32:30.024Z  INFO 49616 --- [           main] o.h.e.t.j.p.i.JtaPlatformInitiator       : HHH000489: No JTA platform available (set 'hibernate.transaction.jta.platform' to enable JTA platform integration)
2026-07-07T18:32:30.070Z  INFO 49616 --- [           main] j.LocalContainerEntityManagerFactoryBean : Initialized JPA EntityManagerFactory for persistence unit 'default'
2026-07-07T18:32:30.336Z  WARN 49616 --- [           main] JpaBaseConfiguration$JpaWebConfiguration : spring.jpa.open-in-view is enabled by default. Therefore, database queries may be performed during view rendering. Explicitly configure spring.jpa.open-in-view to disable this warning
2026-07-07T18:32:30.363Z  INFO 49616 --- [           main] r$InitializeUserDetailsManagerConfigurer : Global AuthenticationManager configured with UserDetailsService bean with name inMemoryUserDetailsManager
2026-07-07T18:32:30.549Z  INFO 49616 --- [           main] o.s.b.a.e.web.EndpointLinksResolver      : Exposing 1 endpoint beneath base path '/actuator'
2026-07-07T18:32:30.744Z  INFO 49616 --- [           main] o.s.b.a.h2.H2ConsoleAutoConfiguration    : H2 console available at '/h2-console'. Database available at 'jdbc:h2:mem:9c016468-3e98-49d8-a805-e2318c509736'
2026-07-07T18:32:30.810Z  INFO 49616 --- [           main] o.s.b.w.embedded.tomcat.TomcatWebServer  : Tomcat started on port 8989 (http) with context path '/bank-api'
2026-07-07T18:32:30.819Z  INFO 49616 --- [           main] c.c.exercise.bankapp.BankingApplication  : Started BankingApplication in 3.317 seconds (process running for 3.597)
2026-07-07T18:33:09.188Z  INFO 49616 --- [ionShutdownHook] o.s.b.w.e.tomcat.GracefulShutdown        : Commencing graceful shutdown. Waiting for active requests to complete
2026-07-07T18:33:09.192Z  INFO 49616 --- [tomcat-shutdown] o.s.b.w.e.tomcat.GracefulShutdown        : Graceful shutdown complete
2026-07-07T18:33:09.196Z  INFO 49616 --- [ionShutdownHook] j.LocalContainerEntityManagerFactoryBean : Closing JPA EntityManagerFactory for persistence unit 'default'
2026-07-07T18:33:09.201Z  INFO 49616 --- [ionShutdownHook] com.zaxxer.hikari.HikariDataSource       : HikariPool-1 - Shutdown initiated...
2026-07-07T18:33:09.202Z  INFO 49616 --- [ionShutdownHook] com.zaxxer.hikari.HikariDataSource       : HikariPool-1 - Shutdown completed.
