
  .   ____          _            __ _ _
 /\\ / ___'_ __ _ _(_)_ __  __ _ \ \ \ \
( ( )\___ | '_ | '_| | '_ \/ _` | \ \ \ \
 \\/  ___)| |_)| | | | | || (_| |  ) ) ) )
  '  |____| .__|_| |_|_| |_\__, | / / / /
 =========|_|==============|___/=/_/_/_/

 :: Spring Boot ::                (v3.5.5)

2026-07-07T18:35:13.872Z  INFO 60134 --- [           main] c.c.exercise.bankapp.BankingApplication  : Starting BankingApplication v1.0.0 using Java 21.0.11 with PID 60134 (/home/ubuntu/repos/Aplicacion-de-Banca-Spring-Boot/target/bank-app-1.0.0.jar started by ubuntu in /home/ubuntu/repos/Aplicacion-de-Banca-Spring-Boot)
2026-07-07T18:35:13.874Z  INFO 60134 --- [           main] c.c.exercise.bankapp.BankingApplication  : No active profile set, falling back to 1 default profile: "default"
2026-07-07T18:35:14.730Z  INFO 60134 --- [           main] .s.d.r.c.RepositoryConfigurationDelegate : Bootstrapping Spring Data JPA repositories in DEFAULT mode.
2026-07-07T18:35:14.792Z  INFO 60134 --- [           main] .s.d.r.c.RepositoryConfigurationDelegate : Finished Spring Data repository scanning in 55 ms. Found 4 JPA repository interfaces.
2026-07-07T18:35:15.206Z  INFO 60134 --- [           main] o.s.b.w.embedded.tomcat.TomcatWebServer  : Tomcat initialized with port 8989 (http)
2026-07-07T18:35:15.219Z  INFO 60134 --- [           main] o.apache.catalina.core.StandardService   : Starting service [Tomcat]
2026-07-07T18:35:15.219Z  INFO 60134 --- [           main] o.apache.catalina.core.StandardEngine    : Starting Servlet engine: [Apache Tomcat/10.1.44]
2026-07-07T18:35:15.252Z  INFO 60134 --- [           main] o.a.c.c.C.[.[localhost].[/bank-api]      : Initializing Spring embedded WebApplicationContext
2026-07-07T18:35:15.253Z  INFO 60134 --- [           main] w.s.c.ServletWebServerApplicationContext : Root WebApplicationContext: initialization completed in 1332 ms
2026-07-07T18:35:15.429Z  INFO 60134 --- [           main] com.zaxxer.hikari.HikariDataSource       : HikariPool-1 - Starting...
2026-07-07T18:35:15.566Z  INFO 60134 --- [           main] com.zaxxer.hikari.pool.HikariPool        : HikariPool-1 - Added connection conn0: url=jdbc:h2:mem:68fdb5e2-274c-4285-a9e1-e1667b00bbb9 user=SA
2026-07-07T18:35:15.567Z  INFO 60134 --- [           main] com.zaxxer.hikari.HikariDataSource       : HikariPool-1 - Start completed.
2026-07-07T18:35:15.589Z  INFO 60134 --- [           main] o.hibernate.jpa.internal.util.LogHelper  : HHH000204: Processing PersistenceUnitInfo [name: default]
2026-07-07T18:35:15.613Z  INFO 60134 --- [           main] org.hibernate.Version                    : HHH000412: Hibernate ORM core version 6.6.26.Final
2026-07-07T18:35:15.629Z  INFO 60134 --- [           main] o.h.c.internal.RegionFactoryInitiator    : HHH000026: Second-level cache disabled
2026-07-07T18:35:15.763Z  INFO 60134 --- [           main] o.s.o.j.p.SpringPersistenceUnitInfo      : No LoadTimeWeaver setup: ignoring JPA class transformer
2026-07-07T18:35:15.806Z  INFO 60134 --- [           main] org.hibernate.orm.connections.pooling    : HHH10001005: Database info:
	Database JDBC URL [Connecting through datasource 'HikariDataSource (HikariPool-1)']
	Database driver: undefined/unknown
	Database version: 2.3.232
	Autocommit mode: undefined/unknown
	Isolation level: undefined/unknown
	Minimum pool size: undefined/unknown
	Maximum pool size: undefined/unknown
2026-07-07T18:35:16.342Z  INFO 60134 --- [           main] o.h.e.t.j.p.i.JtaPlatformInitiator       : HHH000489: No JTA platform available (set 'hibernate.transaction.jta.platform' to enable JTA platform integration)
2026-07-07T18:35:16.377Z  INFO 60134 --- [           main] j.LocalContainerEntityManagerFactoryBean : Initialized JPA EntityManagerFactory for persistence unit 'default'
2026-07-07T18:35:16.621Z  WARN 60134 --- [           main] JpaBaseConfiguration$JpaWebConfiguration : spring.jpa.open-in-view is enabled by default. Therefore, database queries may be performed during view rendering. Explicitly configure spring.jpa.open-in-view to disable this warning
2026-07-07T18:35:16.650Z  INFO 60134 --- [           main] r$InitializeUserDetailsManagerConfigurer : Global AuthenticationManager configured with UserDetailsService bean with name inMemoryUserDetailsManager
2026-07-07T18:35:16.824Z  INFO 60134 --- [           main] o.s.b.a.e.web.EndpointLinksResolver      : Exposing 1 endpoint beneath base path '/actuator'
2026-07-07T18:35:17.014Z  INFO 60134 --- [           main] o.s.b.a.h2.H2ConsoleAutoConfiguration    : H2 console available at '/h2-console'. Database available at 'jdbc:h2:mem:68fdb5e2-274c-4285-a9e1-e1667b00bbb9'
2026-07-07T18:35:17.075Z  INFO 60134 --- [           main] o.s.b.w.embedded.tomcat.TomcatWebServer  : Tomcat started on port 8989 (http) with context path '/bank-api'
2026-07-07T18:35:17.084Z  INFO 60134 --- [           main] c.c.exercise.bankapp.BankingApplication  : Started BankingApplication in 3.631 seconds (process running for 3.924)
2026-07-07T18:35:35.201Z  INFO 60134 --- [nio-8989-exec-1] o.a.c.c.C.[.[localhost].[/bank-api]      : Initializing Spring DispatcherServlet 'dispatcherServlet'
2026-07-07T18:35:35.201Z  INFO 60134 --- [nio-8989-exec-1] o.s.web.servlet.DispatcherServlet        : Initializing Servlet 'dispatcherServlet'
2026-07-07T18:35:35.202Z  INFO 60134 --- [nio-8989-exec-1] o.s.web.servlet.DispatcherServlet        : Completed initialization in 1 ms
2026-07-07T18:35:35.492Z  INFO 60134 --- [nio-8989-exec-2] o.springdoc.api.AbstractOpenApiResource  : Init duration for springdoc-openapi is: 191 ms
2026-07-07T18:35:41.416Z  INFO 60134 --- [ionShutdownHook] o.s.b.w.e.tomcat.GracefulShutdown        : Commencing graceful shutdown. Waiting for active requests to complete
2026-07-07T18:35:41.419Z  INFO 60134 --- [tomcat-shutdown] o.s.b.w.e.tomcat.GracefulShutdown        : Graceful shutdown complete
2026-07-07T18:35:41.423Z  INFO 60134 --- [ionShutdownHook] j.LocalContainerEntityManagerFactoryBean : Closing JPA EntityManagerFactory for persistence unit 'default'
2026-07-07T18:35:41.428Z  INFO 60134 --- [ionShutdownHook] com.zaxxer.hikari.HikariDataSource       : HikariPool-1 - Shutdown initiated...
2026-07-07T18:35:41.429Z  INFO 60134 --- [ionShutdownHook] com.zaxxer.hikari.HikariDataSource       : HikariPool-1 - Shutdown completed.
