[INFO] Scanning for projects...
[INFO] 
[INFO] --------------------< com.coding.exercise:bank-app >--------------------
[INFO] Building BankApp 1.0.0
[INFO]   from pom.xml
[INFO] --------------------------------[ jar ]---------------------------------
[INFO] 
[INFO] --- maven-clean-plugin:3.4.1:clean (default-clean) @ bank-app ---
[INFO] Deleting /home/ubuntu/repos/Aplicacion-de-Banca-Spring-Boot/target
[INFO] 
[INFO] --- maven-enforcer-plugin:3.5.0:enforce (default) @ bank-app ---
[INFO] Rule 0: org.apache.maven.enforcer.rules.version.RequireJavaVersion passed
[INFO] 
[INFO] --- maven-resources-plugin:3.3.1:resources (default-resources) @ bank-app ---
[INFO] Copying 1 resource from src/main/resources to target/classes
[INFO] Copying 0 resource from src/main/resources to target/classes
[INFO] 
[INFO] --- maven-compiler-plugin:3.11.0:compile (default-compile) @ bank-app ---
[INFO] Changes detected - recompiling the module! :source
[INFO] Compiling 26 source files with javac [debug release 21] to target/classes
[INFO] Annotation processing is enabled because one or more processors were found
  on the class path. A future release of javac may disable annotation processing
  unless at least one processor is specified by name (-processor), or a search
  path is specified (--processor-path, --processor-module-path), or annotation
  processing is enabled explicitly (-proc:only, -proc:full).
  Use -Xlint:-options to suppress this message.
  Use -proc:none to disable annotation processing.
[WARNING] No processor claimed any of these annotations: /org.springframework.stereotype.Repository,/io.swagger.v3.oas.annotations.responses.ApiResponses,/jakarta.persistence.ManyToOne,/org.springframework.boot.autoconfigure.SpringBootApplication,/jakarta.persistence.Entity,/jakarta.persistence.GeneratedValue,/org.springframework.web.bind.annotation.DeleteMapping,/org.springframework.web.bind.annotation.PostMapping,/io.swagger.v3.oas.annotations.tags.Tag,/org.springframework.stereotype.Component,/org.springframework.web.bind.annotation.PutMapping,/org.springframework.transaction.annotation.Transactional,/org.springframework.web.bind.annotation.GetMapping,/org.springframework.context.annotation.Bean,/jakarta.persistence.Column,/org.springframework.web.bind.annotation.RestController,/io.swagger.v3.oas.annotations.Operation,/org.springframework.web.bind.annotation.RequestBody,/org.springframework.web.bind.annotation.PathVariable,/org.springframework.stereotype.Service,/jakarta.persistence.Temporal,/jakarta.persistence.OneToOne,/org.springframework.context.annotation.Configuration,/org.springframework.beans.factory.annotation.Autowired,/jakarta.persistence.Id,/org.springframework.web.bind.annotation.RequestMapping
[INFO] ------------------------------------------------------------------------
[INFO] BUILD SUCCESS
[INFO] ------------------------------------------------------------------------
[INFO] Total time:  1.517 s
[INFO] Finished at: 2026-07-07T18:31:02Z
[INFO] ------------------------------------------------------------------------
